// Jest Snapshot v1, https://goo.gl/fbAQLP

exports[`matches snapshot 1`] = `
<div
  className="mybutton-style"
  data-testid="mybutton"
>
  save
</div>
`;
